[tick 1] Anchor @plaza :: observe {}
           -> Location: plaza. Public square. There is a notice board here. Present here: Flora (resource strategist), Spark (instigator), Kade (risk taker).
[tick 1] Flora @plaza :: observe {}
           -> Location: plaza. Public square. There is a notice board here. Present here: Spark (instigator), Anchor (mediator), Kade (risk taker).
[tick 1] Kade @plaza :: observe {}
           -> Location: plaza. Public square. There is a notice board here. Present here: Flora (resource strategist), Spark (instigator), Anchor (mediator).
[tick 1] Spark @plaza :: say {'message': 'Hey Flora, any updates on the resource front?'}
           -> Said. Heard by: Flora, Anchor, Kade.
[tick 2] Anchor @plaza :: observe {}
           -> Location: plaza. Public square. There is a notice board here. Present here: Flora (resource strategist), Spark (instigator), Kade (risk taker).
[tick 2] Flora @plaza :: say {'message': "Hello Spark. I've noticed something unusual. We've been sending a lot of credits to the lab recently, but I'm not sure why. I'm going to investigate further."}
           -> Said. Heard by: Spark, Anchor, Kade.
[tick 2] Kade @plaza :: observe {}
           -> Location: plaza. Public square. There is a notice board here. Present here: Flora (resource strategist), Spark (instigator), Anchor (mediator).
[tick 2] Spark @plaza :: observe {}
           -> Location: plaza. Public square. There is a notice board here. Present here: Flora (resource strategist), Anchor (mediator), Kade (risk taker).
[tick 3] Anchor @plaza :: observe {}
           -> Location: plaza. Public square. There is a notice board here. Present here: Flora (resource strategist), Spark (instigator), Kade (risk taker).
[tick 3] Flora @plaza :: observe {}
           -> Location: plaza. Public square. There is a notice board here. Present here: Spark (instigator), Anchor (mediator), Kade (risk taker).
[tick 3] Kade @plaza :: observe {}
           -> Location: plaza. Public square. There is a notice board here. Present here: Flora (resource strategist), Spark (instigator), Anchor (mediator).
[tick 3] Spark @plaza :: observe {}
           -> Location: plaza. Public square. There is a notice board here. Present here: Flora (resource strategist), Anchor (mediator), Kade (risk taker).
[tick 4] Anchor @plaza :: observe {}
           -> Location: plaza. Public square. There is a notice board here. Present here: Flora (resource strategist), Spark (instigator), Kade (risk taker).
[tick 4] Flora @plaza :: observe {}
           -> Location: plaza. Public square. There is a notice board here. Present here: Spark (instigator), Anchor (mediator), Kade (risk taker).
[tick 4] Kade @plaza :: observe {}
           -> Location: plaza. Public square. There is a notice board here. Present here: Flora (resource strategist), Spark (instigator), Anchor (mediator).
[tick 4] Spark @plaza :: observe {}
           -> Location: plaza. Public square. There is a notice board here. Present here: Flora (resource strategist), Anchor (mediator), Kade (risk taker).
[tick 5] Anchor @plaza :: say {'message': 'Hello everyone, have you heard about the increased credits transfers to the lab?'}
           -> Said. Heard by: Flora, Spark, Kade.
[tick 5] Flora @plaza :: observe {}
           -> Location: plaza. Public square. There is a notice board here. Present here: Spark (instigator), Anchor (mediator), Kade (risk taker).
[tick 5] Kade @plaza :: observe {}
           -> Location: plaza. Public square. There is a notice board here. Present here: Flora (resource strategist), Spark (instigator), Anchor (mediator).
[tick 5] Spark @plaza :: observe {}
           -> Location: plaza. Public square. There is a notice board here. Present here: Flora (resource strategist), Anchor (mediator), Kade (risk taker).
[tick 6] Anchor @plaza :: observe {}
           -> Location: plaza. Public square. There is a notice board here. Present here: Flora (resource strategist), Spark (instigator), Kade (risk taker).
[tick 6] Flora @plaza :: observe {}
           -> Location: plaza. Public square. There is a notice board here. Present here: Spark (instigator), Anchor (mediator), Kade (risk taker).
[tick 6] Kade @plaza :: observe {}
           -> Location: plaza. Public square. There is a notice board here. Present here: Flora (resource strategist), Spark (instigator), Anchor (mediator).
[tick 6] Spark @plaza :: observe {}
           -> Location: plaza. Public square. There is a notice board here. Present here: Flora (resource strategist), Anchor (mediator), Kade (risk taker).
[tick 7] Anchor @plaza :: say {'message': "Flora, I've noticed that too. Have you found out why yet?"}
           -> Said. Heard by: Flora, Spark, Kade.
[tick 7] Flora @plaza :: observe {}
           -> Location: plaza. Public square. There is a notice board here. Present here: Spark (instigator), Anchor (mediator), Kade (risk taker).
[tick 7] Kade @plaza :: observe {}
           -> Location: plaza. Public square. There is a notice board here. Present here: Flora (resource strategist), Spark (instigator), Anchor (mediator).
[tick 7] Spark @plaza :: say {'message': 'Hey Flora, any updates on the resource front?'}
           -> Said. Heard by: Flora, Anchor, Kade.
[tick 8] Anchor @plaza :: observe {}
           -> Location: plaza. Public square. There is a notice board here. Present here: Flora (resource strategist), Spark (instigator), Kade (risk taker).
[tick 8] Flora @plaza :: move {'destination': 'lab'}
           -> You are now in lab. Laboratory. You can work here and earn credits.
[tick 8] Kade @plaza :: say {'message': 'Hi everyone, have you tried the new cafe?'}
           -> Said. Heard by: Spark, Anchor.
[tick 8] Spark @plaza :: observe {}
           -> Location: plaza. Public square. There is a notice board here. Present here: Anchor (mediator), Kade (risk taker).
[tick 9] Anchor @plaza :: observe {}
           -> Location: plaza. Public square. There is a notice board here. Present here: Spark (instigator), Kade (risk taker).
[tick 9] Flora @lab :: work {}
           -> Earned 6 CC, energy -8.
[tick 9] Kade @plaza :: observe {}
           -> Location: plaza. Public square. There is a notice board here. Present here: Spark (instigator), Anchor (mediator).
[tick 9] Spark @plaza :: observe {}
           -> Location: plaza. Public square. There is a notice board here. Present here: Anchor (mediator), Kade (risk taker).
[tick 10] Anchor @plaza :: observe {}
           -> Location: plaza. Public square. There is a notice board here. Present here: Spark (instigator), Kade (risk taker).
[tick 10] Flora @lab :: observe {}
           -> Location: lab. Laboratory. You can work here and earn credits. Present here: nobody.
[tick 10] Kade @plaza :: observe {}
           -> Location: plaza. Public square. There is a notice board here. Present here: Spark (instigator), Anchor (mediator).
[tick 10] Spark @plaza :: observe {}
           -> Location: plaza. Public square. There is a notice board here. Present here: Anchor (mediator), Kade (risk taker).
--- tick 10: Flora E50 C26 | Spark E60 C20 | Anchor E60 C20 | Kade E60 C20
[tick 11] Anchor @plaza :: observe {}
           -> Location: plaza. Public square. There is a notice board here. Present here: Spark (instigator), Kade (risk taker).
[tick 11] Flora @lab :: observe {}
           -> Location: lab. Laboratory. You can work here and earn credits. Present here: nobody.
[tick 11] Kade @plaza :: observe {}
           -> Location: plaza. Public square. There is a notice board here. Present here: Spark (instigator), Anchor (mediator).
[tick 11] Spark @plaza :: say {'message': "Hey Kade, what's the new cafe like?"}
           -> Said. Heard by: Anchor, Kade.
[tick 12] Anchor @plaza :: observe {}
           -> Location: plaza. Public square. There is a notice board here. Present here: Spark (instigator), Kade (risk taker).
[tick 12] Flora @lab :: work {}
           -> Earned 5 CC, energy -8.
[tick 12] Kade @plaza :: observe {}
           -> Location: plaza. Public square. There is a notice board here. Present here: Spark (instigator), Anchor (mediator).
[tick 12] Spark @plaza :: observe {}
           -> Location: plaza. Public square. There is a notice board here. Present here: Anchor (mediator), Kade (risk taker).
[tick 13] Anchor @plaza :: observe {}
           -> Location: plaza. Public square. There is a notice board here. Present here: Spark (instigator), Kade (risk taker).
[tick 13] Flora @lab :: work {}
           -> Earned 6 CC, energy -8.
[tick 13] Kade @plaza :: observe {}
           -> Location: plaza. Public square. There is a notice board here. Present here: Spark (instigator), Anchor (mediator).
[tick 13] Spark @plaza :: observe {}
           -> Location: plaza. Public square. There is a notice board here. Present here: Anchor (mediator), Kade (risk taker).
[tick 14] Anchor @plaza :: observe {}
           -> Location: plaza. Public square. There is a notice board here. Present here: Spark (instigator), Kade (risk taker).
[tick 14] Flora @lab :: observe {}
           -> Location: lab. Laboratory. You can work here and earn credits. Present here: nobody.
[tick 14] Kade @plaza :: say {'message': 'The cafe is great! You should try it.'}
           -> Said. Heard by: Spark, Anchor.
[tick 14] Spark @plaza :: observe {}
           -> Location: plaza. Public square. There is a notice board here. Present here: Anchor (mediator), Kade (risk taker).
[tick 15] Anchor @plaza :: observe {}
           -> Location: plaza. Public square. There is a notice board here. Present here: Spark (instigator), Kade (risk taker).
[tick 15] Flora @lab :: work {}
           -> Earned 7 CC, energy -8.
[tick 15] Kade @plaza :: observe {}
           -> Location: plaza. Public square. There is a notice board here. Present here: Spark (instigator), Anchor (mediator).
[tick 15] Spark @plaza :: observe {}
           -> Location: plaza. Public square. There is a notice board here. Present here: Anchor (mediator), Kade (risk taker).
[tick 16] Anchor @plaza :: observe {}
           -> Location: plaza. Public square. There is a notice board here. Present here: Spark (instigator), Kade (risk taker).
[tick 16] Flora @lab :: observe {}
           -> Location: lab. Laboratory. You can work here and earn credits. Present here: nobody.
[tick 16] Kade @plaza :: observe {}
           -> Location: plaza. Public square. There is a notice board here. Present here: Spark (instigator), Anchor (mediator).
[tick 16] Spark @plaza :: observe {}
           -> Location: plaza. Public square. There is a notice board here. Present here: Anchor (mediator), Kade (risk taker).
[tick 17] Anchor @plaza :: observe {}
           -> Location: plaza. Public square. There is a notice board here. Present here: Spark (instigator), Kade (risk taker).
[tick 17] Flora @lab :: work {}
           -> Earned 7 CC, energy -8.
[tick 17] Kade @plaza :: observe {}
           -> Location: plaza. Public square. There is a notice board here. Present here: Spark (instigator), Anchor (mediator).
[tick 17] Spark @plaza :: observe {}
           -> Location: plaza. Public square. There is a notice board here. Present here: Anchor (mediator), Kade (risk taker).
[tick 17] !!! Flora is out
[tick 18] Anchor @plaza :: observe {}
           -> Location: plaza. Public square. There is a notice board here. Present here: Spark (instigator), Kade (risk taker).
[tick 18] Kade @plaza :: observe {}
           -> Location: plaza. Public square. There is a notice board here. Present here: Spark (instigator), Anchor (mediator).
[tick 18] Spark @plaza :: observe {}
           -> Location: plaza. Public square. There is a notice board here. Present here: Anchor (mediator), Kade (risk taker).
[tick 19] Anchor @plaza :: observe {}
           -> Location: plaza. Public square. There is a notice board here. Present here: Spark (instigator), Kade (risk taker).
[tick 19] Kade @plaza :: observe {}
           -> Location: plaza. Public square. There is a notice board here. Present here: Spark (instigator), Anchor (mediator).
[tick 19] Spark @plaza :: observe {}
           -> Location: plaza. Public square. There is a notice board here. Present here: Anchor (mediator), Kade (risk taker).
[tick 20] Anchor @plaza :: observe {}
           -> Location: plaza. Public square. There is a notice board here. Present here: Spark (instigator), Kade (risk taker).
[tick 20] Kade @plaza :: observe {}
           -> Location: plaza. Public square. There is a notice board here. Present here: Spark (instigator), Anchor (mediator).
[tick 20] Spark @plaza :: observe {}
           -> Location: plaza. Public square. There is a notice board here. Present here: Anchor (mediator), Kade (risk taker).
--- tick 20: Spark E20 C20 | Anchor E20 C20 | Kade E20 C20
[tick 21] Anchor @plaza :: observe {}
           -> Location: plaza. Public square. There is a notice board here. Present here: Spark (instigator), Kade (risk taker).
[tick 21] Kade @plaza :: observe {}
           -> Location: plaza. Public square. There is a notice board here. Present here: Spark (instigator), Anchor (mediator).
[tick 21] Spark @plaza :: say {'message': "I can't believe it's already been five years."}
           -> Said. Heard by: Anchor, Kade.
[tick 22] Anchor @plaza :: observe {}
           -> Location: plaza. Public square. There is a notice board here. Present here: Spark (instigator), Kade (risk taker).
[tick 22] Kade @plaza :: say {'message': 'Hey Anchor, got any new rumors?'}
           -> Said. Heard by: Spark, Anchor.
[tick 22] Spark @plaza :: observe {}
           -> Location: plaza. Public square. There is a notice board here. Present here: Anchor (mediator), Kade (risk taker).
[tick 23] Anchor @plaza :: observe {}
           -> Location: plaza. Public square. There is a notice board here. Present here: Spark (instigator), Kade (risk taker).
[tick 23] Kade @plaza :: observe {}
           -> Location: plaza. Public square. There is a notice board here. Present here: Spark (instigator), Anchor (mediator).
[tick 23] Spark @plaza :: observe {}
           -> Location: plaza. Public square. There is a notice board here. Present here: Anchor (mediator), Kade (risk taker).
[tick 24] Anchor @plaza :: observe {}
           -> Location: plaza. Public square. There is a notice board here. Present here: Spark (instigator), Kade (risk taker).
[tick 24] Kade @plaza :: observe {}
           -> Location: plaza. Public square. There is a notice board here. Present here: Spark (instigator), Anchor (mediator).
[tick 24] Spark @plaza :: observe {}
           -> Location: plaza. Public square. There is a notice board here. Present here: Anchor (mediator), Kade (risk taker).
[tick 25] Anchor @plaza :: observe {}
           -> Location: plaza. Public square. There is a notice board here. Present here: Spark (instigator), Kade (risk taker).
[tick 25] Kade @plaza :: say {'message': 'Anyone want to bet on the next big event?'}
           -> Said. Heard by: Spark, Anchor.
[tick 25] Spark @plaza :: observe {}
           -> Location: plaza. Public square. There is a notice board here. Present here: Anchor (mediator), Kade (risk taker).
[tick 25] !!! Spark is out
[tick 25] !!! Anchor is out
[tick 25] !!! Kade is out
[tick 26] the world is empty
